// Vitest Snapshot v1

exports[`loader > options.throwOnEmpty 1`] = `"Malformed .env content on line 2: \\"EMPTY_VALUE=\\""`;

exports[`loader > options.throwUnprefixed 1`] = `"Unprefixed environment variable \\"UNPREFIXED_VALUE\\" found in /app/.env"`;
